ProcreateStmt(VarExpr('LOOP'), IntExpr(1))
InputStmt(VarExpr('NAME'), StringExpr("What's your name? "))
StringExpr('Hello, ~s\\n!')
VarExpr('NAME')
PrintFunc([StringExpr('Hello, ~s\\n!'), VarExpr('NAME')])
KillFunc(VarExpr('LOOP'), [])
TildeAthLoop(VarExpr('LOOP'), Serialize([InputStmt(VarExpr('NAME'), StringExpr("What's your name? ")), PrintFunc([StringExpr('Hello, ~s\\n!'), VarExpr('NAME')]), KillFunc(VarExpr('LOOP'), [])], LOOP))
KillFunc(VarExpr('THIS'), [])
Graft(Serialize([ProcreateStmt(VarExpr('LOOP'), IntExpr(1)), TildeAthLoop(VarExpr('LOOP'), Serialize([InputStmt(VarExpr('NAME'), StringExpr("What's your name? ")), PrintFunc([StringExpr('Hello, ~s\\n!'), VarExpr('NAME')]), KillFunc(VarExpr('LOOP'), [])], LOOP)), KillFunc(VarExpr('THIS'), [])], THIS), 33)
What's your name? Hello, theSardonyx
!{'THIS': BuiltinSymbol(), 'NULL': BuiltinSymbol(), 'DIE': BuiltinSymbol(), 'ATH': BuiltinSymbol(), 'print': BuiltinSymbol(), 'input': BuiltinSymbol(), 'import': BuiltinSymbol(), 'DEBATE': BuiltinSymbol(), 'UNLESS': BuiltinSymbol(), 'EXECUTE': BuiltinSymbol(), 'DIVULGATE': BuiltinSymbol(), 'FABRICATE': BuiltinSymbol(), 'REPLICATE': BuiltinSymbol(), 'PROCREATE': BuiltinSymbol(), 'BIFURCATE': BuiltinSymbol(), 'AGGREGATE': BuiltinSymbol(), 'LOOP': AthSymbol(False, 1, None)}
