Graft(Serialize(Serialize(ProcreateStmt(VarExpr('LOOP'), IntExpr(1)), TildeAthLoop(VarExpr('LOOP'), Serialize(Serialize(InputStmt(VarExpr('NAME'), StringExpr("What's your name? ")), PrintFunc([StringExpr('Hello, ~s\\n!'), VarExpr('NAME')])), KillFunc(VarExpr('LOOP'), [])))), KillFunc(VarExpr('THIS'), [])), 34)
What's your name? Hello, theSardonyx\n!
{'LOOP': AthSymbol(False, 1, None), 'NAME': AthSymbol(True, 'theSardonyx', None)}
