Graft(Serialize([ProcreateStmt(VarExpr('B'), IntExpr(5))], 'THIS'), 4)
