ProcreateStmt(VarExpr('LOOP'), IntExpr(1))
ProcreateStmt(VarExpr('X'), IntExpr(1))
ProcreateStmt(VarExpr('Y'), IntExpr(2))
AggregateStmt(VarExpr('X'), VarExpr('Y'), VarExpr('Z'))
ProcreateStmt(VarExpr('A'), IntExpr(3))
ReplicateStmt(VarExpr('Y'), VarExpr('A'))
BifurcateStmt(VarExpr('Z'), VarExpr('B'), VarExpr('C'))
StringExpr('~s, ~s')
VarExpr('B')
VarExpr('C')
PrintFunc([StringExpr('~s, ~s'), VarExpr('B'), VarExpr('C')])
KillFunc(VarExpr('LOOP'), [])
TildeAthLoop(VarExpr('LOOP'), Serialize([ProcreateStmt(VarExpr('X'), IntExpr(1)), ProcreateStmt(VarExpr('Y'), IntExpr(2)), AggregateStmt(VarExpr('X'), VarExpr('Y'), VarExpr('Z')), ProcreateStmt(VarExpr('A'), IntExpr(3)), ReplicateStmt(VarExpr('Y'), VarExpr('A')), BifurcateStmt(VarExpr('Z'), VarExpr('B'), VarExpr('C')), PrintFunc([StringExpr('~s, ~s'), VarExpr('B'), VarExpr('C')]), KillFunc(VarExpr('LOOP'), [])], 'THIS'))
KillFunc(VarExpr('THIS'), [])
1, 2{'LOOP': AthSymbol(False, 1, None)}
