ProcreateStmt(VarExpr('LOOP'), IntExpr(1))
ProcreateStmt(VarExpr('QUEUE'), VarExpr('NULL'))
StringExpr('Select action:\\n')
PrintFunc([StringExpr('Select action:\\n')])
StringExpr('[1] Add an item to queue\\n')
PrintFunc([StringExpr('[1] Add an item to queue\\n')])
StringExpr('[2] View queue\\n')
PrintFunc([StringExpr('[2] View queue\\n')])
StringExpr('[3] Exit\\n')
PrintFunc([StringExpr('[3] Exit\\n')])
InputStmt(VarExpr('CHOICE'), StringExpr(''))
KillFunc(VarExpr('LOOP'), [])
ProcreateStmt(VarExpr('BLAH'), IntExpr(0))
ProcreateStmt(VarExpr('STACK'), VarExpr('NULL'))
BifurcateStmt(VarExpr('QUEUE'), VarExpr('HEAD'), VarExpr('TEMP'))
AggregateStmt(VarExpr('STACK'), VarExpr('ITEM'), VarExpr('STACK'))
KillFunc(VarExpr('BLAH'), [])
UnlessStmt(None, Serialize([KillFunc(VarExpr('BLAH'), [])], 'THIS'))
WhenStmt(VarExpr('TEMP'), Serialize([AggregateStmt(VarExpr('STACK'), VarExpr('ITEM'), VarExpr('STACK'))], 'THIS'), [UnlessStmt(None, Serialize([KillFunc(VarExpr('BLAH'), [])], 'THIS'))])
BifurcateStmt(VarExpr('TEMP'), VarExpr('HEAD'), VarExpr('TEMP'))
TildeAthLoop(VarExpr('BLAH'), Serialize([WhenStmt(VarExpr('TEMP'), Serialize([AggregateStmt(VarExpr('STACK'), VarExpr('ITEM'), VarExpr('STACK'))], 'THIS'), [UnlessStmt(None, Serialize([KillFunc(VarExpr('BLAH'), [])], 'THIS'))]), BifurcateStmt(VarExpr('TEMP'), VarExpr('HEAD'), VarExpr('TEMP'))], 'THIS'))
ProcreateStmt(VarExpr('OOF'), IntExpr(0))
BifurcateStmt(VarExpr('STACK'), VarExpr('STACK'), VarExpr('TAIL'))
StringExpr('~s\\n')
VarExpr('TAIL')
PrintFunc([StringExpr('~s\\n'), VarExpr('TAIL')])
KillFunc(VarExpr('OOF'), [])
UnlessStmt(None, Serialize([KillFunc(VarExpr('OOF'), [])], 'THIS'))
WhenStmt(VarExpr('STACK'), Serialize([PrintFunc([StringExpr('~s\\n'), VarExpr('TAIL')])], 'THIS'), [UnlessStmt(None, Serialize([KillFunc(VarExpr('OOF'), [])], 'THIS'))])
TildeAthLoop(VarExpr('OOF'), Serialize([BifurcateStmt(VarExpr('STACK'), VarExpr('STACK'), VarExpr('TAIL')), WhenStmt(VarExpr('STACK'), Serialize([PrintFunc([StringExpr('~s\\n'), VarExpr('TAIL')])], 'THIS'), [UnlessStmt(None, Serialize([KillFunc(VarExpr('OOF'), [])], 'THIS'))])], 'THIS'))
UnlessStmt(ValueCmpExpr('==', VarExpr('CHOICE'), IntExpr(2)), Serialize([ProcreateStmt(VarExpr('BLAH'), IntExpr(0)), ProcreateStmt(VarExpr('STACK'), VarExpr('NULL')), BifurcateStmt(VarExpr('QUEUE'), VarExpr('HEAD'), VarExpr('TEMP')), TildeAthLoop(VarExpr('BLAH'), Serialize([WhenStmt(VarExpr('TEMP'), Serialize([AggregateStmt(VarExpr('STACK'), VarExpr('ITEM'), VarExpr('STACK'))], 'THIS'), [UnlessStmt(None, Serialize([KillFunc(VarExpr('BLAH'), [])], 'THIS'))]), BifurcateStmt(VarExpr('TEMP'), VarExpr('HEAD'), VarExpr('TEMP'))], 'THIS')), ProcreateStmt(VarExpr('OOF'), IntExpr(0)), TildeAthLoop(VarExpr('OOF'), Serialize([BifurcateStmt(VarExpr('STACK'), VarExpr('STACK'), VarExpr('TAIL')), WhenStmt(VarExpr('STACK'), Serialize([PrintFunc([StringExpr('~s\\n'), VarExpr('TAIL')])], 'THIS'), [UnlessStmt(None, Serialize([KillFunc(VarExpr('OOF'), [])], 'THIS'))])], 'THIS'))], 'THIS'))
InputStmt(VarExpr('ITEM'), StringExpr('Input string to add: '))
AggregateStmt(VarExpr('ITEM'), VarExpr('QUEUE'), VarExpr('QUEUE'))
UnlessStmt(ValueCmpExpr('==', VarExpr('CHOICE'), IntExpr(1)), Serialize([InputStmt(VarExpr('ITEM'), StringExpr('Input string to add: ')), AggregateStmt(VarExpr('ITEM'), VarExpr('QUEUE'), VarExpr('QUEUE'))], 'THIS'))
StringExpr('Invalid input.')
PrintFunc([StringExpr('Invalid input.')])
UnlessStmt(None, Serialize([PrintFunc([StringExpr('Invalid input.')])], 'THIS'))
WhenStmt(ValueCmpExpr('==', VarExpr('CHOICE'), IntExpr(3)), Serialize([KillFunc(VarExpr('LOOP'), [])], 'THIS'), [UnlessStmt(ValueCmpExpr('==', VarExpr('CHOICE'), IntExpr(2)), Serialize([ProcreateStmt(VarExpr('BLAH'), IntExpr(0)), ProcreateStmt(VarExpr('STACK'), VarExpr('NULL')), BifurcateStmt(VarExpr('QUEUE'), VarExpr('HEAD'), VarExpr('TEMP')), TildeAthLoop(VarExpr('BLAH'), Serialize([WhenStmt(VarExpr('TEMP'), Serialize([AggregateStmt(VarExpr('STACK'), VarExpr('ITEM'), VarExpr('STACK'))], 'THIS'), [UnlessStmt(None, Serialize([KillFunc(VarExpr('BLAH'), [])], 'THIS'))]), BifurcateStmt(VarExpr('TEMP'), VarExpr('HEAD'), VarExpr('TEMP'))], 'THIS')), ProcreateStmt(VarExpr('OOF'), IntExpr(0)), TildeAthLoop(VarExpr('OOF'), Serialize([BifurcateStmt(VarExpr('STACK'), VarExpr('STACK'), VarExpr('TAIL')), WhenStmt(VarExpr('STACK'), Serialize([PrintFunc([StringExpr('~s\\n'), VarExpr('TAIL')])], 'THIS'), [UnlessStmt(None, Serialize([KillFunc(VarExpr('OOF'), [])], 'THIS'))])], 'THIS'))], 'THIS')), UnlessStmt(ValueCmpExpr('==', VarExpr('CHOICE'), IntExpr(1)), Serialize([InputStmt(VarExpr('ITEM'), StringExpr('Input string to add: ')), AggregateStmt(VarExpr('ITEM'), VarExpr('QUEUE'), VarExpr('QUEUE'))], 'THIS')), UnlessStmt(None, Serialize([PrintFunc([StringExpr('Invalid input.')])], 'THIS'))])
TildeAthLoop(VarExpr('LOOP'), Serialize([PrintFunc([StringExpr('Select action:\\n')]), PrintFunc([StringExpr('[1] Add an item to queue\\n')]), PrintFunc([StringExpr('[2] View queue\\n')]), PrintFunc([StringExpr('[3] Exit\\n')]), InputStmt(VarExpr('CHOICE'), StringExpr('')), WhenStmt(ValueCmpExpr('==', VarExpr('CHOICE'), IntExpr(3)), Serialize([KillFunc(VarExpr('LOOP'), [])], 'THIS'), [UnlessStmt(ValueCmpExpr('==', VarExpr('CHOICE'), IntExpr(2)), Serialize([ProcreateStmt(VarExpr('BLAH'), IntExpr(0)), ProcreateStmt(VarExpr('STACK'), VarExpr('NULL')), BifurcateStmt(VarExpr('QUEUE'), VarExpr('HEAD'), VarExpr('TEMP')), TildeAthLoop(VarExpr('BLAH'), Serialize([WhenStmt(VarExpr('TEMP'), Serialize([AggregateStmt(VarExpr('STACK'), VarExpr('ITEM'), VarExpr('STACK'))], 'THIS'), [UnlessStmt(None, Serialize([KillFunc(VarExpr('BLAH'), [])], 'THIS'))]), BifurcateStmt(VarExpr('TEMP'), VarExpr('HEAD'), VarExpr('TEMP'))], 'THIS')), ProcreateStmt(VarExpr('OOF'), IntExpr(0)), TildeAthLoop(VarExpr('OOF'), Serialize([BifurcateStmt(VarExpr('STACK'), VarExpr('STACK'), VarExpr('TAIL')), WhenStmt(VarExpr('STACK'), Serialize([PrintFunc([StringExpr('~s\\n'), VarExpr('TAIL')])], 'THIS'), [UnlessStmt(None, Serialize([KillFunc(VarExpr('OOF'), [])], 'THIS'))])], 'THIS'))], 'THIS')), UnlessStmt(ValueCmpExpr('==', VarExpr('CHOICE'), IntExpr(1)), Serialize([InputStmt(VarExpr('ITEM'), StringExpr('Input string to add: ')), AggregateStmt(VarExpr('ITEM'), VarExpr('QUEUE'), VarExpr('QUEUE'))], 'THIS')), UnlessStmt(None, Serialize([PrintFunc([StringExpr('Invalid input.')])], 'THIS'))])], 'THIS'))
KillFunc(VarExpr('THIS'), [])
Select action:
[1] Add an item to queue
[2] View queue
[3] Exit
Input string to add: Select action:
[1] Add an item to queue
[2] View queue
[3] Exit
Input string to add: Select action:
[1] Add an item to queue
[2] View queue
[3] Exit
Input string to add: Select action:
[1] Add an item to queue
[2] View queue
[3] Exit
Select action:
[1] Add an item to queue
[2] View queue
[3] Exit
{'LOOP': AthSymbol(False, 1, None), 'QUEUE': AthSymbol(True, None, None)}
